// Jest Snapshot v1, https://goo.gl/fbAQLP

exports[`Input renders correctly as password type with no autocomplete 1`] = `
<DocumentFragment>
  <div
    class="relative"
  >
    <input
      class="
          block h-8 w-full appearance-none rounded-lg border border-transparent bg-components-input-bg-normal px-3 text-sm
          text-components-input-text-filled caret-primary-600 outline-none
          placeholder:text-sm placeholder:text-text-tertiary
          hover:border-components-input-border-hover hover:bg-components-input-bg-hover focus:border-components-input-border-active
          focus:bg-components-input-bg-active focus:shadow-xs
          
          
        "
      placeholder="API Key"
      tabindex="0"
      type="password"
    />
  </div>
</DocumentFragment>
`;
